// Jest Snapshot v1, https://goo.gl/fbAQLP

exports[`Test render AddExpense 1`] = `
<div>
  <section>
    <div
      className="page-header"
    >
      <div
        className="content-container"
      >
        <h1
          className="page-header__title"
        >
          Add New Expense
        </h1>
      </div>
    </div>
    <div
      className="content-container"
    >
      <ExpenseForm
        onSubmit={[Function]}
      />
    </div>
  </section>
</div>
`;
