// Jest Snapshot v1, https://goo.gl/fbAQLP

exports[`Test logout button click 1`] = `
<header
  className="header"
>
  <nav>
    <div
      className="content-container"
    >
      <div
        className="header__content"
      >
        <Link
          className="header__title"
          replace={false}
          title="Dashboard"
          to="/dashboard"
        >
          <h1>
            Expensify
          </h1>
        </Link>
        <button
          className="button button--login"
          onClick={[Function]}
          title="Logout"
        >
          Logout
        </button>
      </div>
    </div>
  </nav>
</header>
`;

exports[`Test rendering header 1`] = `
<header
  className="header"
>
  <nav>
    <div
      className="content-container"
    >
      <div
        className="header__content"
      >
        <Link
          className="header__title"
          replace={false}
          title="Dashboard"
          to="/dashboard"
        >
          <h1>
            Expensify
          </h1>
        </Link>
        <button
          className="button button--login"
          onClick={[Function]}
          title="Logout"
        >
          Logout
        </button>
      </div>
    </div>
  </nav>
</header>
`;
